Flutter crash report.
Please report a bug at https://github.com/flutter/flutter/issues.

## command

flutter analyze

## exception

_Exception: Exception: analysis server exited with code 64 and output:
[stderr] Project
[stderr]   build       Build a Dart application including code assets.
[stderr]   compile     Compile Dart to various formats.
[stderr]   create      Create a new Dart project.
[stderr]   pub         Work with packages.
[stderr]   run         Run a Dart program.
[stderr]   test        Run tests for a project.
[stderr] 
[stderr] Source code
[stderr]   analyze     Analyze Dart code in a directory.
[stderr]   doc         Generate API documentation for Dart projects.
[stderr]   fix         Apply automated fixes to Dart source code.
[stderr]   format      Idiomatically format Dart source code.
[stderr] 
[stderr] Tools
[stderr]   devtools    Open DevTools (optionally connecting to an existing application).
[stderr]   info        Show diagnostic information about the installed tooling.
[stderr] 
[stderr] Run "dart help <command>" for more information about a command.
[stderr] See https://dart.dev/tools/dart-tool for detailed documentation.

```
```

## flutter doctor

```
[32m[✓][39m Flutter (Channel stable, 3.38.4, on macOS
    14.5 23F79 darwin-arm64, locale en-IN)
    [122ms]
    [32m•[39m Flutter version 3.38.4 on channel stable
      at /Users/jessicashalominselvan/flutter
    [32m•[39m Upstream repository
      https://github.com/flutter/flutter.git
    [32m•[39m Framework revision 66dd93f9a2 (8 weeks
      ago), 2025-12-03 14:56:10 -0800
    [32m•[39m Engine revision a5cb96369e
    [32m•[39m Dart version 3.10.3
    [32m•[39m DevTools version 2.51.1
    [32m•[39m Feature flags: enable-web,
      enable-linux-desktop,
      enable-macos-desktop,
      enable-windows-desktop, enable-android,
      enable-ios, cli-animations,
      enable-native-assets,
      omit-legacy-version-file,
      enable-lldb-debugging

[32m[✓][39m Android toolchain - develop for Android
    devices (Android SDK version 36.1.0)
    [1,967ms]
    [32m•[39m Android SDK at
      /Users/jessicashalominselvan/Library/And
      roid/sdk
    [32m•[39m Emulator version 36.3.10.0 (build_id
      14472402) (CL:N/A)
    [32m•[39m Platform android-36, build-tools 36.1.0
    [32m•[39m ANDROID_SDK_ROOT =
      /Users/jessicashalominselvan/Library/And
      roid/sdk
    [32m•[39m Java binary at: /Applications/Android
      Studio.app/Contents/jbr/Contents/Home/bi
      n/java
      This is the JDK bundled with the latest
      Android Studio installation on this
      machine.
      To manually set the JDK path, use:
      `flutter config
      --jdk-dir="path/to/jdk"`.
    [32m•[39m Java version OpenJDK Runtime Environment
      (build 21.0.8+-14196175-b1038.72)
    [32m•[39m All Android licenses accepted.

[31m[✗][39m Xcode - develop for iOS and macOS [95ms]
    [31m✗[39m Xcode installation is incomplete; a full
      installation is necessary for iOS and
      macOS development.
      Download at:
      https://developer.apple.com/xcode/
      Or install Xcode via the App Store.
      Once installed, run:
        sudo xcode-select --switch
        /Applications/Xcode.app/Contents/Devel
        oper
        sudo xcodebuild -runFirstLaunch
    [31m✗[39m CocoaPods not installed.
        CocoaPods is a package manager for iOS
        or macOS platform code.
        Without CocoaPods, plugins will not
        work on iOS or macOS.
        For more info, see
        https://flutter.dev/to/platform-plugin
        s
      For installation instructions, see
      https://guides.cocoapods.org/using/getti
      ng-started.html#installation

[32m[✓][39m Chrome - develop for the web [33ms]
    [32m•[39m Chrome at /Applications/Google
      Chrome.app/Contents/MacOS/Google Chrome

[32m[✓][39m Connected device (2 available) [6.1s]
    [32m•[39m macOS (desktop) • macos  • darwin-arm64
      • macOS 14.5 23F79 darwin-arm64
    [32m•[39m Chrome (web)    • chrome •
      web-javascript • Google Chrome
      144.0.7559.110

[32m[✓][39m Network resources [1,430ms]
    [32m•[39m All expected network resources are
      available.

[33m![39m Doctor found issues in 1 category.
```
